led7_segment.c:11:6:off_7SEG_X	8	static
led7_segment.c:15:6:off_7SEG_Y	8	static
led7_segment.c:19:6:display_mode_auto	4	static
led7_segment.c:23:6:display_mode_edit_x	8	static
led7_segment.c:28:6:display_mode_edit_y	8	static
led7_segment.c:33:6:display_mode_set_off	8	static
led7_segment.c:70:6:set_7SEG_X_left	24	static
led7_segment.c:79:6:set_7SEG_X	24	static
led7_segment.c:91:6:set_7SEG_Y_left	24	static
led7_segment.c:100:6:set_7SEG_Y	24	static
led7_segment.c:113:6:displaySetting_Y	16	static
led7_segment.c:134:6:displaySetting_X	16	static
led7_segment.c:157:6:display_7led	16	static
led7_segment.c:161:6:timer9_for_led_7	8	static
led7_segment.c:249:6:set_counter_for_traffic_light	16	static
led7_segment.c:254:6:display_set_X	16	static
led7_segment.c:258:6:display_set_Y	16	static
led7_segment.c:264:9:display_get_X	4	static
led7_segment.c:265:9:display_get_Y	4	static
led7_segment.c:267:6:seg_scan_tick	16	static
