light_traffic.c:57:20:set_LEDS	24	static
light_traffic.c:63:20:clear_all_leds	16	static
light_traffic.c:70:6:init_time	4	static
light_traffic.c:79:6:init	8	static
light_traffic.c:85:6:led_red_and_green	8	static
light_traffic.c:89:6:led_red_and_yellow	8	static
light_traffic.c:93:6:led_green_and_red	8	static
light_traffic.c:97:6:led_yellow_and_red	8	static
light_traffic.c:103:6:blinking_led_red	8	static
light_traffic.c:111:6:blinking_led_green	8	static
light_traffic.c:119:6:blinking_led_yellow	8	static
light_traffic.c:127:6:blinking_red_x_green_y	8	static
light_traffic.c:135:6:blinking_red_x_yellow_y	8	static
light_traffic.c:143:6:blinking_green_x_red_y	8	static
light_traffic.c:151:6:blinking_yellow_x_red_y	8	static
