light_traffic.c:57:20:set_LEDS	24	static
light_traffic.c:63:20:clear_all_leds	16	static
light_traffic.c:70:6:init_time	4	static
light_traffic.c:76:6:init	8	static
light_traffic.c:80:6:led_red_and_green	8	static
light_traffic.c:84:6:led_red_and_yellow	8	static
light_traffic.c:88:6:led_green_and_red	8	static
light_traffic.c:92:6:led_yellow_and_red	8	static
light_traffic.c:96:6:blinking_led_red	8	static
light_traffic.c:103:6:blinking_led_green	8	static
light_traffic.c:110:6:blinking_led_yellow	8	static
